Γû▓ Next.js 16.1.6 (Turbopack)

  Creating an optimized production build ...
node.exe : 
At line:1 char:1
+ & "C:\Program 
Files\nodejs/node.exe" 
"C:\Program 
Files\nodejs/node_mo ...
+ ~~~~~~~~~~~~~~~~~~~~~~~~~~
~~~~~~~~~~~~~~~~~~~~~~~~~~~~
~~~~~~~~~~~~~~~
    + CategoryInfo          
    : NotSpecified: (:Stri  
  ng) [], RemoteException
    + FullyQualifiedErrorId 
    : NativeCommandError
 
> Build error occurred
Error: Turbopack build 
failed with 1 errors:
./src/app/admin/layout.tsx:3
:1
Module not found: Can't 
resolve 
'@/styles/globals.css'
[0m [90m 1 |[39m 
[36mimport[39m { 
requireAuth } 
[36mfrom[39m [32m"@/actio
ns/auth"[39m[33m;[39m
 [90m 2 |[39m 
[36mimport[39m 
[33mAdminSidebar[39m 
[36mfrom[39m [32m"@/compo
nents/admin/AdminSidebar"[3
9m[33m;[39m
[31m[1m>[22m[39m[90m 3 
|[39m [36mimport[39m [32
m"@/styles/globals.css"[39m
[33m;[39m
 [90m   |[39m [31m[1m^[
22m[39m[31m[1m^[22m[39m
[31m[1m^[22m[39m[31m[1
m^[22m[39m[31m[1m^[22m
[39m[31m[1m^[22m[39m[31
m[1m^[22m[39m[31m[1m^[
22m[39m[31m[1m^[22m[39m
[31m[1m^[22m[39m[31m[1
m^[22m[39m[31m[1m^[22m
[39m[31m[1m^[22m[39m[31
m[1m^[22m[39m[31m[1m^[
22m[39m[31m[1m^[22m[39m
[31m[1m^[22m[39m[31m[1
m^[22m[39m[31m[1m^[22m
[39m[31m[1m^[22m[39m[31
m[1m^[22m[39m[31m[1m^[
22m[39m[31m[1m^[22m[39m
[31m[1m^[22m[39m[31m[1
m^[22m[39m[31m[1m^[22m
[39m[31m[1m^[22m[39m[31
m[1m^[22m[39m[31m[1m^[
22m[39m[31m[1m^[22m[39m
 [90m 4 |[39m
 [90m 5 |[39m 
[36mexport[39m 
[36mconst[39m metadata 
[33m=[39m {
 [90m 6 |[39m     
title[33m:[39m 
[32m"Admin | Alfa Beauty 
CMS"[39m[33m,[39m[0m

Import map: aliased to 
relative 
'./src/styles/globals.css' 
inside of [project]/


https://nextjs.org/docs/mess
ages/module-not-found


    at <unknown> (./src/app/
admin/layout.tsx:3:1)
    at <unknown> (https://ne
xtjs.org/docs/messages/modul
e-not-found)
